make -C tools/testing/selftests TARGETS=tc-testing TEST_PROGS=tdc.sh TEST__GEN_PROGS="" run_tests
make: Entering directory '/nipa-data/kernel/tools/testing/selftests'
make[1]: Entering directory '/nipa-data/kernel/tools/testing/selftests/tc-testing'
make[1]: Nothing to be done for 'all'.
make[1]: Leaving directory '/nipa-data/kernel/tools/testing/selftests/tc-testing'
make[1]: Entering directory '/nipa-data/kernel/tools/testing/selftests/tc-testing'
TAP version 13
1..1
# timeout set to 900
# selftests: tc-testing: tdc.sh
# Module netdevsim not found... skipping.
# Module act_bpf not found... skipping.
# Module act_connmark not found... skipping.
# Module act_csum not found... skipping.
# Module act_ct not found... skipping.
# Module act_ctinfo not found... skipping.
# Module act_gact not found... skipping.
# Module act_gate not found... skipping.
# Module act_mirred not found... skipping.
# Module act_mpls not found... skipping.
# Module act_nat not found... skipping.
# Module act_pedit not found... skipping.
# Module act_police not found... skipping.
# Module act_sample not found... skipping.
# Module act_simple not found... skipping.
# Module act_skbedit not found... skipping.
# Module act_skbmod not found... skipping.
# Module act_tunnel_key not found... skipping.
# Module act_vlan not found... skipping.
# Module act_ife not found... skipping.
# Module act_meta_mark not found... skipping.
# Module act_meta_skbtcindex not found... skipping.
# Module act_meta_skbprio not found... skipping.
# Module cls_basic not found... skipping.
# Module cls_bpf not found... skipping.
# Module cls_cgroup not found... skipping.
# Module cls_flow not found... skipping.
# Module cls_flower not found... skipping.
# Module cls_fw not found... skipping.
# Module cls_matchall not found... skipping.
# Module cls_route not found... skipping.
# Module cls_u32 not found... skipping.
# Module em_canid not found... skipping.
# Module em_cmp not found... skipping.
# Module em_ipset not found... skipping.
# Module em_ipt not found... skipping.
# Module em_meta not found... skipping.
# Module em_nbyte not found... skipping.
# Module em_text not found... skipping.
# Module em_u32 not found... skipping.
# Module sch_cake not found... skipping.
# Module sch_cbs not found... skipping.
# Module sch_choke not found... skipping.
# Module sch_codel not found... skipping.
# Module sch_drr not found... skipping.
# Module sch_etf not found... skipping.
# Module sch_ets not found... skipping.
# Module sch_fq not found... skipping.
# Module sch_fq_codel not found... skipping.
# Module sch_fq_pie not found... skipping.
# Module sch_gred not found... skipping.
# Module sch_hfsc not found... skipping.
# Module sch_hhf not found... skipping.
# Module sch_htb not found... skipping.
# Module sch_teql not found... skipping.
#  -- scapy/SubPlugin.__init__
#  -- ns/SubPlugin.__init__
# Executing 1131 tests in parallel and 62 in serial
# Using 37 batches and 4 workers
# 
# -----> prepare stage *** Could not execute: "echo "1 1 4" > /sys/bus/netdevsim/new_device"
# 
# -----> prepare stage *** Error message: "echo: write error: No space left on device
# "
# 
# -----> prepare stage *** Aborting test run.
# 
# 
# <_io.BufferedReader name=6> *** stdout ***
# 
# 
# <_io.BufferedReader name=15> *** stderr ***
#   File "/nipa-data/kernel/tools/testing/selftests/tc-testing/./tdc.py", line 535, in test_runner
#     res = run_one_test(pm, args, index, tidx)
#           ^^^^^^^^^^^^^^^^^^^^^^^^^^^^^^^^^^^
#   File "/nipa-data/kernel/tools/testing/selftests/tc-testing/./tdc.py", line 419, in run_one_test
#     prepare_env(tidx, args, pm, 'setup', "-----> prepare stage", tidx["setup"])
#   File "/nipa-data/kernel/tools/testing/selftests/tc-testing/./tdc.py", line 267, in prepare_env
#     raise PluginMgrTestFail(
# WARNING: No route found (no default route?)
# WARNING: No route found (no default route?)
# .WARNING: more No route found (no default route?)
# ...................Test 84a0: Create TEQL with default setting
# Test 7734: Create TEQL with multiple device
# Test 34a9: Delete TEQL with valid handle
# Test 6289: Show TEQL stats
# Test ce7d: Add mq Qdisc to multi-queue device (4 queues)
# returncode 1; expected [0]
# "-----> prepare stage" did not complete successfully
# Exception <class '__main__.PluginMgrTestFail'> ('setup', None, '"-----> prepare stage" did not complete successfully') (caught in test_runner, running test 18 ce7d Add mq Qdisc to multi-queue device (4 queues) stage setup)
# ---------------
# traceback
# ---------------
# ---------------
# Test afa9: Add u32 with source match
# exception (34, 'Numerical result out of range') in call to pre_case for <class 'plugin-lib.nsPlugin.SubPlugin'> plugin
# testid is afa9
# Test 900c: Create pfifo_fast with default setting
# exception (34, 'Numerical result out of range') in call to pre_case for <class 'plugin-lib.nsPlugin.SubPlugin'> plugin
# testid is 900c
# Test 6979: Change quantum of a strict ETS band
# exception (34, 'Numerical result out of range') in call to pre_case for <class 'plugin-lib.nsPlugin.SubPlugin'> plugin
# testid is 6979
# Test 3289: Create PLUG with default setting
# exception (34, 'Numerical result out of range') in call to pre_case for <class 'plugin-lib.nsPlugin.SubPlugin'> plugin
# testid is 3289
# Test f8a9: Add pedit action with LAYERED_OP eth set dst
# exception (34, 'Numerical result out of range') in call to pre_case for <class 'plugin-lib.nsPlugin.SubPlugin'> plugin
# testid is f8a9
# Test d4c4: Add mpls pop action with ip proto
# exception (34, 'Numerical result out of range') in call to pre_case for <class 'plugin-lib.nsPlugin.SubPlugin'> plugin
# testid is d4c4
# Test bc15: Add skbedit action with valid mark and mask with invalid format
# exception (34, 'Numerical result out of range') in call to pre_case for <class 'plugin-lib.nsPlugin.SubPlugin'> plugin
# testid is bc15
# Test 09cd: Create valid ife encode action with tcindex and continue control
# exception (34, 'Numerical result out of range') in call to pre_case for <class 'plugin-lib.nsPlugin.SubPlugin'> plugin
# testid is 09cd
# Test 5c69: Delete batch of 32 mirred redirect egress actions
# exception (34, 'Numerical result out of range') in call to pre_case for <class 'plugin-lib.nsPlugin.SubPlugin'> plugin
# testid is 5c69
# Test 26a6: Add tunnel_key action with non-multiple of 4 data length geneve option parameter
# exception (34, 'Numerical result out of range') in call to pre_case for <class 'plugin-lib.nsPlugin.SubPlugin'> plugin
# testid is 26a6
# Test b438: Add basic filter with canid ematch and a combination of SFF/EFF with masks
# Test 0811: Add multiple basic filter with cmp ematch u8/link layer and default action and dump them
# Test 5129: List basic filters
# Test cb28: Create NETEM with default setting
# Test a089: Create NETEM with limit flag
# Test 3449: Create NETEM with delay time
# Test 3782: Create NETEM with distribution and corrupt flag
# Test 2b82: Create NETEM with distribution and duplicate flag
# Test a932: Create NETEM with distribution and loss flag
# Test e01a: Create NETEM with distribution and loss state flag
# Test ba29: Create NETEM with loss gemodel flag
# Test 0492: Create NETEM with reorder flag
# Test 7862: Create NETEM with rate limit
# Test 7235: Create NETEM with multiple slot rate
# Test 5439: Create NETEM with multiple slot setting
# Test 5029: Change NETEM with loss state
# Test 3785: Replace NETEM with delay time
# Test 4502: Delete NETEM with handle
# Test 0785: Show NETEM class
# Test 6158: PIE test qdisc limit trimming
# 
# Sent 1 packets.
# 
# Sent 1 packets.
# 
# Sent 1 packets.
# 
# Sent 1 packets.
# 
# Sent 1 packets.
# 
# Sent 1 packets.
# 
# Sent 1 packets.
# 
# Sent 1 packets.
# 
# Sent 1 packets.
# 
# Sent 1 packets.
# Test 983b: Create FQ with default setting
# Test 38a1: Create FQ with limit packet setting
# Test 0a18: Create FQ with flow_limit setting
# Test 2390: Create FQ with quantum setting
# Test 845b: Create FQ with initial_quantum setting
# Test 10f7: Create FQ with invalid initial_quantum setting
# Test 9398: Create FQ with maxrate setting
# Test 342c: Create FQ with nopacing setting
# Test 6391: Create FQ with refill_delay setting
# Test 238b: Create FQ with low_rate_threshold setting
# Test 7582: Create FQ with orphan_mask setting
# Test 4894: Create FQ with timer_slack setting
# Test 324c: Create FQ with ce_threshold setting
# Test 424a: Create FQ with horizon time setting
# Test 89e1: Create FQ with horizon_cap setting
# Test 32e1: Delete FQ with valid handle
# Test 49b0: Replace FQ with limit setting
# Test 9478: Change FQ with limit setting
# Test 9479: FQ test qdisc limit trimming
# 
# Sent 1 packets.
# 
# Sent 1 packets.
# 
# Sent 1 packets.
# 
# Sent 1 packets.
# 
# Sent 1 packets.
# 
# Sent 1 packets.
# 
# Sent 1 packets.
# 
# Sent 1 packets.
# 
# Sent 1 packets.
# 
# Sent 1 packets.
# Test 9872: Add ingress qdisc
# Test 5c5e: Add ingress qdisc with unsupported argument
# Test 74f6: Add duplicate ingress qdisc
# Test f769: Delete nonexistent ingress qdisc
# Test 3b88: Delete ingress qdisc twice
# Test 0521: Show ingress class
# Test 7482: Create SFQ with default setting
# exception (17, 'File exists') in call to pre_case for <class 'plugin-lib.nsPlugin.SubPlugin'> plugin
# testid is 7482
# Test 2131: Add cgroup filter with u32 ematch u32/non-numeric value
# Test f125: Add cgroup filter with u32 ematch u32/non-numeric mask
# Test 4316: Add cgroup filter with u32 ematch u32/negative offset and drop action
# Test 23ae: Add cgroup filter with u32 ematch u32/nexthdr+ offset and pipe action
# Test 23a1: Add cgroup filter with canid ematch and single SFF
# Test 324f: Add cgroup filter with canid ematch and single SFF with mask
# Test 2576: Add cgroup filter with canid ematch and multiple SFF
# Test 4839: Add cgroup filter with canid ematch and multiple SFF with masks
# Test 6713: Add cgroup filter with canid ematch and single EFF
# Test 4572: Add cgroup filter with canid ematch and single EFF with mask
# Test 8031: Add cgroup filter with canid ematch and multiple EFF
# Test ab9d: Add cgroup filter with canid ematch and multiple EFF with masks
# Test 5349: Add cgroup filter with canid ematch and a combination of SFF/EFF
# Test c934: Add cgroup filter with canid ematch and a combination of SFF/EFF with masks
# Test 4319: Replace cgroup filter with different match
# Test 4636: Delete cgroup filter
# Test 901f: Add fw filter with prio at 32-bit maxixum
# Test 51e2: Add fw filter with prio exceeding 32-bit maxixum
# Test d987: Add fw filter with action ok
# Test c591: Add fw filter with action ok by reference
# Test affe: Add fw filter with action continue
# Test 38b3: Add fw filter with action continue by reference
# Test 28bc: Add fw filter with action pipe
# Test 6753: Add fw filter with action pipe by reference
# Test 8da2: Add fw filter with action drop
# Test 6dc6: Add fw filter with action drop by reference
# Test 9436: Add fw filter with action reclassify
# Test 3bc2: Add fw filter with action reclassify by reference
# Test 95bb: Add fw filter with action jump 10
# Test 36f7: Add fw filter with action jump 10 by reference
# Test 3d74: Add fw filter with action goto chain 5
# Test eb8f: Add fw filter with invalid action
# Test 6a79: Add fw filter with missing mandatory action
# Test 8298: Add fw filter with cookie
# Test a88c: Add fw filter with invalid cookie
# Test 10f6: Add fw filter with handle in hex
# Test 9d51: Add fw filter with handle at 32-bit maximum
# Test d939: Add fw filter with handle exceeding 32-bit maximum
# Test 658c: Add fw filter with mask in hex
# Test 86be: Add fw filter with mask at 32-bit maximum
# Test e635: Add fw filter with mask exceeding 32-bit maximum
# Test 6cab: Add fw filter with handle/mask in hex
# Test 8700: Add fw filter with handle/mask at 32-bit maximum
# Test 7d62: Add fw filter with handle/mask exceeding 32-bit maximum
# Test 7b69: Add fw filter with missing mandatory handle
# Test d68b: Add fw filter with invalid parent
# Test 66e0: Add fw filter with missing mandatory parent id
# Test 0ff3: Add fw filter with classid
# Test 9849: Add fw filter with classid at root
# Test b7ff: Add fw filter with classid - keeps last 8 (hex) digits
# Test 2b18: Add fw filter with invalid classid
# Test fade: Add fw filter with flowid
# Test 33af: Add fw filter with flowid then classid (same arg, takes second)
# Test 8a8c: Add fw filter with classid then flowid (same arg, takes second)
# Test b50d: Add fw filter with handle val/mask and flowid 10:1000
# Test 7207: Add fw filter with protocol ip
# Test 306d: Add fw filter with protocol ipv6
# Test 9a78: Add fw filter with protocol arp
# Test 1821: Add fw filter with protocol 802_3
# Test 2260: Add fw filter with invalid protocol
# Test 09d7: Add fw filters protocol 802_3 and ip with conflicting priorities
# Test 6973: Add fw filters with same index, same action
# Test fc06: Add fw filters with action police
# Test aac7: Add fw filters with action police linklayer atm
# Test 5339: Del entire fw filter
# Test 0e99: Del single fw filter x1
# Test f54c: Del single fw filter x2
# Test ba94: Del fw filter by prio
# Test 4acb: Del fw filter by chain
# Test 3424: Del fw filter by action (invalid)
# Test da89: Del fw filter by handle (invalid)
# Test 4d95: Del fw filter by protocol (invalid)
# Test 4736: Del fw filter by flowid (invalid)
# Test 3dcb: Replace fw filter action
# Test eb4d: Replace fw filter classid
# Test 67ec: Replace fw filter index
# Test e470: Try to delete class referenced by fw after a replace
# Test ec1a: Replace fw classid with nil
# Test 5294: Add flow filter with map key and ops
# Test 3514: Add flow filter with map key or ops
# Test 7534: Add flow filter with map key xor ops
# Test 4524: Add flow filter with map key rshift ops
# Test 0230: Add flow filter with map key addend ops
# Test 2344: Add flow filter with src map key
# Test 9304: Add flow filter with proto map key
# Test 9038: Add flow filter with proto-src map key
# Test 2a03: Add flow filter with proto-dst map key
# Test a073: Add flow filter with iif map key
# Test 3b20: Add flow filter with priority map key
# Test 8945: Add flow filter with mark map key
# Test c034: Add flow filter with nfct map key
# Test 0205: Add flow filter with nfct-src map key
# Test 5315: Add flow filter with nfct-src map key
# Test 7849: Add flow filter with nfct-proto-src map key
# Test 9902: Add flow filter with nfct-proto-dst map key
# Test 6742: Add flow filter with rt-classid map key
# Test 5432: Add flow filter with sk-uid map key
# Test 4134: Add flow filter with sk-gid map key
# Test 4522: Add flow filter with vlan-tag map key
# Test 4253: Add flow filter with rxhash map key
# Test 4452: Add flow filter with hash key list
# Test 4341: Add flow filter with multiple ops
# Test 4392: List flow filters
# Test 4322: Change flow filter with map key num
# Test 2320: Replace flow filter with map key num
# Test 3213: Delete flow filter with map key num
# Test f62b: Add ingress matchall filter for protocol ipv4 and action PASS
# Test 7f09: Add egress matchall filter for protocol ipv4 and action PASS
# Test 0596: Add ingress matchall filter for protocol ipv6 and action DROP
# Test 41df: Add egress matchall filter for protocol ipv6 and action DROP
# Test e1da: Add ingress matchall filter for protocol ipv4 and action PASS with priority at 16-bit maximum
# Test 3de5: Add egress matchall filter for protocol ipv4 and action PASS with priority at 16-bit maximum
# Test 72d7: Add ingress matchall filter for protocol ipv4 and action PASS with priority exceeding 16-bit maximum
# Test 41d3: Add egress matchall filter for protocol ipv4 and action PASS with priority exceeding 16-bit maximum
# Test f755: Add ingress matchall filter for all protocols and action CONTINUE with handle at 32-bit maximum
# Test 2c33: Add egress matchall filter for all protocols and action CONTINUE with handle at 32-bit maximum
# Test 0e4a: Add ingress matchall filter for all protocols and action RECLASSIFY with skip_hw flag
# Test 7f60: Add egress matchall filter for all protocols and action RECLASSIFY with skip_hw flag
# Test 8bd2: Add ingress matchall filter for protocol ipv6 and action PASS with classid
# Test 2a4a: Add ingress matchall filter for protocol ipv6 and action PASS with invalid classid
# Test eaf8: Delete single ingress matchall filter
# Test 76ad: Delete all ingress matchall filters
# Test 1eb9: Delete single ingress matchall filter out of multiple
# Test 6d63: Delete ingress matchall filter by chain ID
# Test 3329: Validate flags of the matchall filter with skip_sw and police action with skip_hw
# Test 0eeb: Validate flags of the matchall filter with skip_hw and police action
# Test eee4: Validate flags of the matchall filter with skip_sw and police action
# Test 2638: Add matchall and try to get it
# Test 23c3: Add cBPF filter with valid bytecode
# Test 1563: Add cBPF filter with invalid bytecode
# Test 2334: Add eBPF filter with valid object-file
# Test 2373: Add eBPF filter with invalid object-file
# Test 4423: Replace cBPF bytecode
# Test 5122: Delete cBPF filter
# Test e0a9: List cBPF filters
# Test 7a92: Add basic filter with cmp ematch u8/link layer and default action
# Test 2e8a: Add basic filter with cmp ematch u8/link layer with trans flag and default action
# Test 4d9f: Add basic filter with cmp ematch u16/link layer and a single action
# Test 4943: Add basic filter with cmp ematch u32/link layer and multiple actions
# Test 7559: Add basic filter with cmp ematch u8/network layer and default action
# Test aff4: Add basic filter with cmp ematch u8/network layer with trans flag and default action
# Test c732: Add basic filter with cmp ematch u16/network layer and a single action
# Test 32d8: Add basic filter with cmp ematch u32/network layer and multiple actions
# Test b99c: Add basic filter with cmp ematch u8/transport layer and default action
# Test 0752: Add basic filter with cmp ematch u8/transport layer with trans flag and default action
# Test 7e07: Add basic filter with cmp ematch u16/transport layer and a single action
# Test 62d7: Add basic filter with cmp ematch u32/transport layer and multiple actions
# Test 304b: Add basic filter with NOT cmp ematch rule and default action
# Test 8ecb: Add basic filter with two ANDed cmp ematch rules and single action
# Test b1ad: Add basic filter with two ORed cmp ematch rules and single action
# Test 4600: Add basic filter with two ANDed cmp ematch rules and one ORed ematch rule and single action
# Test bc59: Add basic filter with two ANDed cmp ematch rules and one NOT ORed ematch rule and single action
# Test bae4: Add basic filter with u32 ematch u8/zero offset and default action
# Test e6cb: Add basic filter with u32 ematch u8/zero offset and invalid value >0xFF
# Test 7727: Add basic filter with u32 ematch u8/positive offset and default action
# Test a429: Add basic filter with u32 ematch u8/invalid mask >0xFF
# Test 8373: Add basic filter with u32 ematch u8/missing offset
# Test ab8e: Add basic filter with u32 ematch u8/missing AT keyword
# Test 712d: Add basic filter with u32 ematch u8/missing value
# Test 350f: Add basic filter with u32 ematch u8/non-numeric value
# Test e28f: Add basic filter with u32 ematch u8/non-numeric mask
# Test 6d5f: Add basic filter with u32 ematch u8/negative offset and default action
# Test 12dc: Add basic filter with u32 ematch u8/nexthdr+ offset and default action
# Test 1d85: Add basic filter with u32 ematch u16/zero offset and default action
# Test 3672: Add basic filter with u32 ematch u16/zero offset and invalid value >0xFFFF
# Test 7fb0: Add basic filter with u32 ematch u16/positive offset and default action
# Test 19af: Add basic filter with u32 ematch u16/invalid mask >0xFFFF
# Test 446d: Add basic filter with u32 ematch u16/missing offset
# Test 151b: Add basic filter with u32 ematch u16/missing AT keyword
# Test bb23: Add basic filter with u32 ematch u16/missing value
# Test decc: Add basic filter with u32 ematch u16/non-numeric value
# Test e988: Add basic filter with u32 ematch u16/non-numeric mask
# Test 07d8: Add basic filter with u32 ematch u16/negative offset and default action
# Test f474: Add basic filter with u32 ematch u16/nexthdr+ offset and default action
# Test 47a0: Add basic filter with u32 ematch u32/zero offset and default action
# Test 849f: Add basic filter with u32 ematch u32/positive offset and default action
# Test d288: Add basic filter with u32 ematch u32/missing offset
# Test 4998: Add basic filter with u32 ematch u32/missing AT keyword
# Test 1f0a: Add basic filter with u32 ematch u32/missing value
# Test 848e: Add basic filter with u32 ematch u32/non-numeric value
# Test f748: Add basic filter with u32 ematch u32/non-numeric mask
# Test 55a6: Add basic filter with u32 ematch u32/negative offset and default action
# Test 7282: Add basic filter with u32 ematch u32/nexthdr+ offset and default action
# Test b2b6: Add basic filter with canid ematch and single SFF
# Test f67f: Add basic filter with canid ematch and single SFF with mask
# Test bd5c: Add basic filter with canid ematch and multiple SFF
# Test 83c7: Add basic filter with canid ematch and multiple SFF with masks
# Test a8f5: Add basic filter with canid ematch and single EFF
# Test 98ae: Add basic filter with canid ematch and single EFF with mask
# Test 6056: Add basic filter with canid ematch and multiple EFF
# Test d188: Add basic filter with canid ematch and multiple EFF with masks
# Test 25d1: Add basic filter with canid ematch and a combination of SFF/EFF
# multiprocessing.pool.RemoteTraceback: 
# """
# Traceback (most recent call last):
#   File "/usr/lib/python3.12/multiprocessing/pool.py", line 125, in worker
#     result = (True, func(*args, **kwds))
#                     ^^^^^^^^^^^^^^^^^^^
#   File "/usr/lib/python3.12/multiprocessing/pool.py", line 48, in mapstar
#     return list(map(*args))
#            ^^^^^^^^^^^^^^^^
#   File "/nipa-data/kernel/tools/testing/selftests/tc-testing/./tdc.py", line 601, in __mp_runner
#     (_, tsr) = test_runner(mp_pm, mp_args, tests)
#                ^^^^^^^^^^^^^^^^^^^^^^^^^^^^^^^^^^
#   File "/nipa-data/kernel/tools/testing/selftests/tc-testing/./tdc.py", line 535, in test_runner
#     res = run_one_test(pm, args, index, tidx)
#           ^^^^^^^^^^^^^^^^^^^^^^^^^^^^^^^^^^^
#   File "/nipa-data/kernel/tools/testing/selftests/tc-testing/./tdc.py", line 418, in run_one_test
#     pm.call_pre_case(tidx)
#   File "/nipa-data/kernel/tools/testing/selftests/tc-testing/./tdc.py", line 142, in call_pre_case
#     pgn_inst.pre_case(caseinfo, test_skip)
#   File "/nipa-data/kernel/tools/testing/selftests/tc-testing/plugin-lib/nsPlugin.py", line 63, in pre_case
#     self.prepare_test(test)
#   File "/nipa-data/kernel/tools/testing/selftests/tc-testing/plugin-lib/nsPlugin.py", line 36, in prepare_test
#     self._nl_ns_create()
#   File "/nipa-data/kernel/tools/testing/selftests/tc-testing/plugin-lib/nsPlugin.py", line 130, in _nl_ns_create
#     ip.link('add', ifname=dev1, kind='veth', peer={'ifname': dev0, 'net_ns_fd':'/proc/1/ns/net'})
#   File "/usr/lib/python3/dist-packages/pyroute2/iproute/linux.py", line 1696, in link
#     ret = self.nlm_request(msg, msg_type=msg_type, msg_flags=msg_flags)
#           ^^^^^^^^^^^^^^^^^^^^^^^^^^^^^^^^^^^^^^^^^^^^^^^^^^^^^^^^^^^^^
#   File "/usr/lib/python3/dist-packages/pyroute2/netlink/nlsocket.py", line 870, in nlm_request
#     return tuple(self._genlm_request(*argv, **kwarg))
#            ^^^^^^^^^^^^^^^^^^^^^^^^^^^^^^^^^^^^^^^^^^
#   File "/usr/lib/python3/dist-packages/pyroute2/netlink/nlsocket.py", line 1214, in nlm_request
#     for msg in self.get(
#                ^^^^^^^^^
#   File "/usr/lib/python3/dist-packages/pyroute2/netlink/nlsocket.py", line 873, in get
#     return tuple(self._genlm_get(*argv, **kwarg))
#            ^^^^^^^^^^^^^^^^^^^^^^^^^^^^^^^^^^^^^^
#   File "/usr/lib/python3/dist-packages/pyroute2/netlink/nlsocket.py", line 550, in get
#     raise msg['header']['error']
# pyroute2.netlink.exceptions.NetlinkError: (34, 'Numerical result out of range')
# """
# 
# The above exception was the direct cause of the following exception:
# 
# Traceback (most recent call last):
#   File "/nipa-data/kernel/tools/testing/selftests/tc-testing/./tdc.py", line 1027, in <module>
#     main()
#   File "/nipa-data/kernel/tools/testing/selftests/tc-testing/./tdc.py", line 1021, in main
#     set_operation_mode(pm, parser, args, remaining)
#   File "/nipa-data/kernel/tools/testing/selftests/tc-testing/./tdc.py", line 963, in set_operation_mode
#     catresults = test_runner_mp(pm, args, alltests)
#                  ^^^^^^^^^^^^^^^^^^^^^^^^^^^^^^^^^^
#   File "/nipa-data/kernel/tools/testing/selftests/tc-testing/./tdc.py", line 623, in test_runner_mp
#     pres = p.map(__mp_runner, batches)
#            ^^^^^^^^^^^^^^^^^^^^^^^^^^^
#   File "/usr/lib/python3.12/multiprocessing/pool.py", line 367, in map
#     return self._map_async(func, iterable, mapstar, chunksize).get()
#            ^^^^^^^^^^^^^^^^^^^^^^^^^^^^^^^^^^^^^^^^^^^^^^^^^^^^^^^^^
#   File "/usr/lib/python3.12/multiprocessing/pool.py", line 774, in get
#     raise self._value
# pyroute2.netlink.exceptions.NetlinkError: (34, 'Numerical result out of range')
not ok 1 selftests: tc-testing: tdc.sh # exit=1
make[1]: Leaving directory '/nipa-data/kernel/tools/testing/selftests/tc-testing'
make: Leaving directory '/nipa-data/kernel/tools/testing/selftests'
xx__-> echo $?
0
xx__-> 